../Core/Src/main.c:132:5:main	16	static
../Core/Src/main.c:200:6:SystemClock_Config	88	static
../Core/Src/main.c:242:13:MX_ADC1_Init	24	static
../Core/Src/main.c:294:13:MX_I2C1_Init	8	static
../Core/Src/main.c:328:13:MX_UART5_Init	8	static
../Core/Src/main.c:361:13:MX_GPIO_Init	48	static
../Core/Src/main.c:398:6:Task_SensorRead	112	static
../Core/Src/main.c:473:6:Task_UARTSend	184	static
../Core/Src/main.c:513:6:HAL_GPIO_EXTI_Callback	16	static
../Core/Src/main.c:533:9:Calculate_CRC8	24	static
../Core/Src/main.c:556:7:calculate_ppm	40	static
../Core/Src/main.c:571:6:HAL_TIM_PeriodElapsedCallback	16	static
../Core/Src/main.c:589:6:Error_Handler	4	static,ignoring_inline_asm
../Core/Src/main.c:608:6:assert_failed	16	static
